---
pid: 1852
cwd: |
  C:\Users\enzoc\.cursor\projects\empty-window
---
error: failed to push some refs to 'https://github.com/themortel320/electronique-revision.git'
PS C:\Users\enzoc\.cursor\projects\empty-window> git config --global user.name "themortel320"
PS C:\Users\enzoc\.cursor\projects\empty-window> git config --global user.email "caudronenzo@gmail.com"
PS C:\Users\enzoc\.cursor\projects\empty-window> git remote remove origin
PS C:\Users\enzoc\.cursor\projects\empty-window> git add .
PS C:\Users\enzoc\.cursor\projects\empty-window> git commit -m "ElectroLab - version initiale"
On branch master
nothing to commit, working tree clean
PS C:\Users\enzoc\.cursor\projects\empty-window> git remote remove origin
error: No such remote: 'origin'
PS C:\Users\enzoc\.cursor\projects\empty-window> git remote add origin https://github.com/themortel320/electronique-revision.git
PS C:\Users\enzoc\.cursor\projects\empty-window> git branch -M main
PS C:\Users\enzoc\.cursor\projects\empty-window> git push -u origin main
info: please complete authentication in your browser...
remote: Repository not found.
fatal: repository 'https://github.com/themortel320/electronique-revision.git/' not found
PS C:\Users\enzoc\.cursor\projects\empty-window> git push -u origin main
info: please complete authentication in your browser...
Enumerating objects: 93, done.
Counting objects: 100% (93/93), done.
Delta compression using up to 16 threads
Compressing objects: 100% (84/84), done.
Writing objects: 100% (93/93), 74.08 KiB | 3.37 MiB/s, done.
Total 93 (delta 13), reused 0 (delta 0), pack-reused 0 (from 0)
remote: Resolving deltas: 100% (13/13), done.
To https://github.com/themortel320/electronique-revision.git
 * [new branch]      main -> main
branch 'main' set up to track 'origin/main'.
PS C:\Users\enzoc\.cursor\projects\empty-window> ^C
PS C:\Users\enzoc\.cursor\projects\empty-window> npm run dev

> electronique-revision@0.1.0 dev
> next dev

  ▲ Next.js 14.2.5
  - Local:        http://localhost:3000

 ✓ Starting...
 ✓ Ready in 1840ms
 ○ Compiling / ...
 ✓ Compiled / in 2.1s (545 modules)
 GET / 200 in 2259ms
 ✓ Compiled /modules in 407ms (571 modules)
 ✓ Compiled /math in 275ms (581 modules)
 ✓ Compiled /api/math-exercises in 170ms (332 modules)
 POST /api/math-exercises 200 in 224ms
 ✓ Compiled /exercises in 296ms (633 modules)
 ✓ Compiled /api/exercises in 87ms (348 modules)
 POST /api/exercises 200 in 112ms
 POST /api/exercises 200 in 10ms
 POST /api/exercises 200 in 6ms
 ✓ Compiled /quiz in 301ms (662 modules)
 ✓ Compiled /study in 346ms (667 modules)
 ✓ Compiled /progress in 223ms (677 modules)
 ✓ Compiled /leaderboard in 229ms (681 modules)
PS C:\Users\enzoc\.cursor\projects\empty-window> 
                                                 cd "C:\Users\enzoc\.cursor\projects\empty-window"
PS C:\Users\enzoc\.cursor\projects\empty-window> git add .
warning: in the working copy of 'components/exercise-generator.tsx', LF will be replaced by CRLF the next time Git touches it
warning: in the working copy of 'components/navbar.tsx', LF will be replaced by CRLF the next time Git touches it
warning: in the working copy of 'lib/modules.ts', LF will be replaced by CRLF the next time Git touches it
warning: in the working copy of 'types/index.ts', LF will be replaced by CRLF the next time Git touches it
warning: in the working copy of 'app/api/math-exercises/route.ts', LF will be replaced by CRLF the next time Git touches it
warning: in the working copy of 'app/math/page.tsx', LF will be replaced by CRLF the next time Git touches it
warning: in the working copy of 'app/study/page.tsx', LF will be replaced by CRLF the next time Git touches it
warning: in the working copy of 'components/math-quiz.tsx', LF will be replaced by CRLF the next time Git touches it
warning: in the working copy of 'components/study-planner.tsx', LF will be replaced by CRLF the next time Git touches it
warning: in the working copy of 'lib/derivative-generator.ts', LF will be replaced by CRLF the next time Git touches it
warning: in the working copy of 'lib/math-modules.ts', LF will be replaced by CRLF the next time Git touches it
PS C:\Users\enzoc\.cursor\projects\empty-window> git commit -m "description de ta mise à jour"
[main 3fad5a7] description de ta mise à jour
 11 files changed, 1073 insertions(+), 4 deletions(-)
 create mode 100644 app/api/math-exercises/route.ts
 create mode 100644 app/math/page.tsx
 create mode 100644 app/study/page.tsx
 create mode 100644 components/math-quiz.tsx
 create mode 100644 components/study-planner.tsx
 create mode 100644 lib/derivative-generator.ts
 create mode 100644 lib/math-modules.ts
PS C:\Users\enzoc\.cursor\projects\empty-window> git push^C
PS C:\Users\enzoc\.cursor\projects\empty-window> 
 *  History restored 

PS C:\Users\enzoc\.cursor\projects\empty-window> 